// Jest Snapshot v1, https://goo.gl/fbAQLP

exports[`<App /> should match snapshot 1`] = `
<div
  className="sc-bZQynM kvBvZD"
>
  <h1
    className="sc-gzVnrw cnyyff"
  >
    React Wars
  </h1>
  <div
    className="sc-bxivhb jYLQkj"
  />
  <div
    className="sc-ifAKCX bmKgXx"
  >
    <button
      className="sc-EHOje dNBAvH"
    >
      Next
    </button>
    <button
      className="sc-EHOje dNBAvH"
    >
      Previous
    </button>
  </div>
</div>
`;
